  CHK     include/config/kernel.release
  CHK     include/generated/uapi/linux/version.h
  CHK     scripts/mod/devicetable-offsets.h
  CHK     include/generated/utsrelease.h
  CHK     include/generated/timeconst.h
  CHK     include/generated/bounds.h
  CHK     include/generated/asm-offsets.h
  CALL    scripts/checksyscalls.sh
make[1]: 'include/generated/vdso-offsets.h' is up to date.
  CHK     include/generated/compile.h
  CC      drivers/devfreq/devfreq_boost.o
  CHK     kernel/config_data.h
ANDROID_VERSION is 990000
ANDROID_PLATFORM_VERSION is 99
  AR      drivers/devfreq/built-in.o
ANDROID_VERSION is 990000
ANDROID_PLATFORM_VERSION is 99
  AR      drivers/built-in.o
  LINK    vmlinux
  GEN     .version
  CHK     include/generated/compile.h
  UPD     include/generated/compile.h
  CC      init/version.o
  AR      init/built-in.o
  AR      built-in.o
  LD      vmlinux.o
  MODPOST vmlinux.o
  KSYM    .tmp_kallsyms1.o
  KSYM    .tmp_kallsyms2.o
  LD      vmlinux
  SORTEX  vmlinux
  SYSMAP  System.map
  FIPS : Generating hmac of fmp and updating vmlinux... 
HMAC for "fmp" module is: b'8b412c3a174e6eb2c428084edd65eddd16931ec7f67de5e4b16d6b62436922a3'
FIPS integrity procedure has been finished for fmp
  OBJCOPY arch/arm64/boot/Image
  Building modules, stage 2.
  MODPOST 1 modules
  GZIP    arch/arm64/boot/Image.gz
